src/app/admin/page.tsx(63,78): error TS2345: Argument of type 'DocumentReference<DocumentData, DocumentData> | null' is not assignable to parameter of type 'DocumentReference<UserProfile, DocumentData> | null'.
  Type 'DocumentReference<DocumentData, DocumentData>' is not assignable to type 'DocumentReference<UserProfile, DocumentData>'.
    Types of property 'converter' are incompatible.
      Type 'FirestoreDataConverter<DocumentData, DocumentData> | null' is not assignable to type 'FirestoreDataConverter<UserProfile, DocumentData> | null'.
        Type 'FirestoreDataConverter<DocumentData, DocumentData>' is not assignable to type 'FirestoreDataConverter<UserProfile, DocumentData>'.
          The types returned by 'fromFirestore(...)' are incompatible between these types.
            Type 'DocumentData' is missing the following properties from type 'UserProfile': id, name, role
src/app/admin/page.tsx(66,77): error TS2345: Argument of type 'CollectionReference<DocumentData, DocumentData>' is not assignable to parameter of type 'Query<UserProfile, DocumentData>'.
  Types of property 'converter' are incompatible.
    Type 'FirestoreDataConverter<DocumentData, DocumentData> | null' is not assignable to type 'FirestoreDataConverter<UserProfile, DocumentData> | null'.
      Type 'FirestoreDataConverter<DocumentData, DocumentData>' is not assignable to type 'FirestoreDataConverter<UserProfile, DocumentData>'.
        The types returned by 'fromFirestore(...)' are incompatible between these types.
          Type 'DocumentData' is missing the following properties from type 'UserProfile': id, name, role
src/app/admin/page.tsx(69,60): error TS2345: Argument of type 'CollectionReference<DocumentData, DocumentData>' is not assignable to parameter of type 'Query<ServiceRequest, DocumentData>'.
  Types of property 'converter' are incompatible.
    Type 'FirestoreDataConverter<DocumentData, DocumentData> | null' is not assignable to type 'FirestoreDataConverter<ServiceRequest, DocumentData> | null'.
      Type 'FirestoreDataConverter<DocumentData, DocumentData>' is not assignable to type 'FirestoreDataConverter<ServiceRequest, DocumentData>'.
        The types returned by 'fromFirestore(...)' are incompatible between these types.
          Type 'DocumentData' is missing the following properties from type 'ServiceRequest': id, clientId, clientName, status, and 2 more.
src/app/admin/page.tsx(72,55): error TS2345: Argument of type 'CollectionReference<DocumentData, DocumentData>' is not assignable to parameter of type 'Query<SosAlert, DocumentData>'.
  Types of property 'converter' are incompatible.
    Type 'FirestoreDataConverter<DocumentData, DocumentData> | null' is not assignable to type 'FirestoreDataConverter<SosAlert, DocumentData> | null'.
      Type 'FirestoreDataConverter<DocumentData, DocumentData>' is not assignable to type 'FirestoreDataConverter<SosAlert, DocumentData>'.
        The types returned by 'fromFirestore(...)' are incompatible between these types.
          Type 'DocumentData' is missing the following properties from type 'SosAlert': id, clientId, clientName, createdAt, resolved
src/app/admin/page.tsx(75,67): error TS2345: Argument of type 'CollectionReference<DocumentData, DocumentData>' is not assignable to parameter of type 'Query<ContactMessage, DocumentData>'.
  Types of property 'converter' are incompatible.
    Type 'FirestoreDataConverter<DocumentData, DocumentData> | null' is not assignable to type 'FirestoreDataConverter<ContactMessage, DocumentData> | null'.
      Type 'FirestoreDataConverter<DocumentData, DocumentData>' is not assignable to type 'FirestoreDataConverter<ContactMessage, DocumentData>'.
        The types returned by 'fromFirestore(...)' are incompatible between these types.
          Type 'DocumentData' is missing the following properties from type 'ContactMessage': id, name, email, subject, and 3 more.
src/app/auth/page.tsx(27,11): error TS2339: Property 'auth' does not exist on type 'Auth'.
src/app/chat/[requestId]/page.tsx(23,53): error TS2345: Argument of type 'DocumentReference<DocumentData, DocumentData> | null' is not assignable to parameter of type 'DocumentReference<UserProfile, DocumentData> | null'.
  Type 'DocumentReference<DocumentData, DocumentData>' is not assignable to type 'DocumentReference<UserProfile, DocumentData>'.
    Types of property 'converter' are incompatible.
      Type 'FirestoreDataConverter<DocumentData, DocumentData> | null' is not assignable to type 'FirestoreDataConverter<UserProfile, DocumentData> | null'.
        Type 'FirestoreDataConverter<DocumentData, DocumentData>' is not assignable to type 'FirestoreDataConverter<UserProfile, DocumentData>'.
          The types returned by 'fromFirestore(...)' are incompatible between these types.
            Type 'DocumentData' is missing the following properties from type 'UserProfile': id, name, role
src/app/dashboard/page.tsx(33,53): error TS2345: Argument of type 'DocumentReference<DocumentData, DocumentData> | null' is not assignable to parameter of type 'DocumentReference<UserProfile, DocumentData> | null'.
  Type 'DocumentReference<DocumentData, DocumentData>' is not assignable to type 'DocumentReference<UserProfile, DocumentData>'.
    Types of property 'converter' are incompatible.
      Type 'FirestoreDataConverter<DocumentData, DocumentData> | null' is not assignable to type 'FirestoreDataConverter<UserProfile, DocumentData> | null'.
        Type 'FirestoreDataConverter<DocumentData, DocumentData>' is not assignable to type 'FirestoreDataConverter<UserProfile, DocumentData>'.
          The types returned by 'fromFirestore(...)' are incompatible between these types.
            Type 'DocumentData' is missing the following properties from type 'UserProfile': id, name, role
src/app/driver/page.tsx(34,53): error TS2345: Argument of type 'DocumentReference<DocumentData, DocumentData> | null' is not assignable to parameter of type 'DocumentReference<UserProfile, DocumentData> | null'.
  Type 'DocumentReference<DocumentData, DocumentData>' is not assignable to type 'DocumentReference<UserProfile, DocumentData>'.
    Types of property 'converter' are incompatible.
      Type 'FirestoreDataConverter<DocumentData, DocumentData> | null' is not assignable to type 'FirestoreDataConverter<UserProfile, DocumentData> | null'.
        Type 'FirestoreDataConverter<DocumentData, DocumentData>' is not assignable to type 'FirestoreDataConverter<UserProfile, DocumentData>'.
          The types returned by 'fromFirestore(...)' are incompatible between these types.
            Type 'DocumentData' is missing the following properties from type 'UserProfile': id, name, role
src/app/page.tsx(46,11): error TS2339: Property 'auth' does not exist on type 'Auth'.
src/app/page.tsx(55,53): error TS2345: Argument of type 'DocumentReference<DocumentData, DocumentData> | null' is not assignable to parameter of type 'DocumentReference<UserProfile, DocumentData> | null'.
  Type 'DocumentReference<DocumentData, DocumentData>' is not assignable to type 'DocumentReference<UserProfile, DocumentData>'.
    Types of property 'converter' are incompatible.
      Type 'FirestoreDataConverter<DocumentData, DocumentData> | null' is not assignable to type 'FirestoreDataConverter<UserProfile, DocumentData> | null'.
        Type 'FirestoreDataConverter<DocumentData, DocumentData>' is not assignable to type 'FirestoreDataConverter<UserProfile, DocumentData>'.
          The types returned by 'fromFirestore(...)' are incompatible between these types.
            Type 'DocumentData' is missing the following properties from type 'UserProfile': id, name, role
src/app/profile/page.tsx(45,11): error TS2339: Property 'auth' does not exist on type 'Auth'.
src/app/profile/page.tsx(54,74): error TS2345: Argument of type 'DocumentReference<DocumentData, DocumentData> | null' is not assignable to parameter of type 'DocumentReference<UserProfile, DocumentData> | null'.
  Type 'DocumentReference<DocumentData, DocumentData>' is not assignable to type 'DocumentReference<UserProfile, DocumentData>'.
    Types of property 'converter' are incompatible.
      Type 'FirestoreDataConverter<DocumentData, DocumentData> | null' is not assignable to type 'FirestoreDataConverter<UserProfile, DocumentData> | null'.
        Type 'FirestoreDataConverter<DocumentData, DocumentData>' is not assignable to type 'FirestoreDataConverter<UserProfile, DocumentData>'.
          The types returned by 'fromFirestore(...)' are incompatible between these types.
            Type 'DocumentData' is missing the following properties from type 'UserProfile': id, name, role
src/app/profile/page.tsx(80,59): error TS2345: Argument of type 'Query<DocumentData, DocumentData>' is not assignable to parameter of type 'Query<ServiceRequest, DocumentData>'.
  Types of property 'converter' are incompatible.
    Type 'FirestoreDataConverter<DocumentData, DocumentData> | null' is not assignable to type 'FirestoreDataConverter<ServiceRequest, DocumentData> | null'.
      Type 'FirestoreDataConverter<DocumentData, DocumentData>' is not assignable to type 'FirestoreDataConverter<ServiceRequest, DocumentData>'.
        The types returned by 'fromFirestore(...)' are incompatible between these types.
          Type 'DocumentData' is missing the following properties from type 'ServiceRequest': id, clientId, clientName, status, and 2 more.
src/components/ui/calendar.tsx(57,9): error TS2353: Object literal may only specify known properties, and 'IconLeft' does not exist in type 'Partial<CustomComponents>'.
src/components/ui/calendar.tsx(57,22): error TS7031: Binding element 'className' implicitly has an 'any' type.
src/components/ui/calendar.tsx(60,23): error TS7031: Binding element 'className' implicitly has an 'any' type.
